[0m09:59:31.926272 [debug] [MainThread]: Sending event: {'category': 'dbt', 'action': 'invocation', 'label': 'start', 'context': [<snowplow_tracker.self_describing_json.SelfDescribingJson object at 0x7f500b80b850>, <snowplow_tracker.self_describing_json.SelfDescribingJson object at 0x7f500827a5d0>, <snowplow_tracker.self_describing_json.SelfDescribingJson object at 0x7f500864f9d0>]}


============================== 09:59:31.930080 | 2accee1e-fdba-4139-b7cb-fcbfdf314505 ==============================
[0m09:59:31.930080 [info ] [MainThread]: Running with dbt=1.12.3
[0m09:59:31.930921 [debug] [MainThread]: running dbt with arguments {'debug': 'False', 'indirect_selection': 'eager', 'log_path': 'logs', 'cache_selected_only': 'False', 'quiet': 'False', 'introspect': 'True', 'empty': 'None', 'version_check': 'True', 'static_parser': 'True', 'invocation_command': 'dbt parse --profiles-dir . --target duckdb --no-partial-parse', 'fail_fast': 'False', 'hints_enabled': 'True', 'send_anonymous_usage_stats': 'True', 'maximum_seed_size_mib': '1', 'printer_width': '80', 'log_cache_events': 'False', 'warn_error': 'None', 'use_colors': 'True', 'target_path': 'None', 'log_format': 'default', 'warn_error_options': 'WarnErrorOptionsV2(error=[], warn=[], silence=[])', 'write_json': 'True', 'partial_parse': 'False', 'profiles_dir': '.', 'use_experimental_parser': 'False', 'no_print': 'None'}
[0m09:59:31.931801 [error] [MainThread]: [[31mERROR[0m]: Encountered an error:
Runtime Error
  No dbt_project.yml found at expected path /home/user/mir-load/dbt_project.yml
  Verify that each entry within packages.yml (and their transitive dependencies) contains a file named dbt_project.yml
  
[0m09:59:31.933102 [debug] [MainThread]: Resource report: {"command_name": "parse", "command_success": false, "command_wall_clock_time": 0.09707838, "process_in_blocks": "0", "process_kernel_time": 0.152059, "process_mem_max_rss": "114288", "process_out_blocks": "32", "process_user_time": 1.748739}
[0m09:59:31.933818 [debug] [MainThread]: Command `python -m dbt.cli.main parse` failed at 09:59:31.933691 after 0.10 seconds
[0m09:59:31.934385 [debug] [MainThread]: Sending event: {'category': 'dbt', 'action': 'invocation', 'label': 'end', 'context': [<snowplow_tracker.self_describing_json.SelfDescribingJson object at 0x7f500845d8d0>, <snowplow_tracker.self_describing_json.SelfDescribingJson object at 0x7f50083ef2d0>, <snowplow_tracker.self_describing_json.SelfDescribingJson object at 0x7f50083def10>]}
[0m09:59:31.934982 [debug] [MainThread]: Flushing usage events
[0m09:59:32.504517 [debug] [MainThread]: An error was encountered while trying to flush usage events
[0m09:59:34.593490 [debug] [MainThread]: Sending event: {'category': 'dbt', 'action': 'invocation', 'label': 'start', 'context': [<snowplow_tracker.self_describing_json.SelfDescribingJson object at 0x7f853ffdbf10>, <snowplow_tracker.self_describing_json.SelfDescribingJson object at 0x7f8540255dd0>, <snowplow_tracker.self_describing_json.SelfDescribingJson object at 0x7f853ffdba90>]}


============================== 09:59:34.597166 | 81d03206-9458-49db-a314-aa337d7963ba ==============================
[0m09:59:34.597166 [info ] [MainThread]: Running with dbt=1.12.3
[0m09:59:34.598009 [debug] [MainThread]: running dbt with arguments {'profiles_dir': '.', 'warn_error_options': 'WarnErrorOptionsV2(error=[], warn=[], silence=[])', 'invocation_command': 'dbt parse --profiles-dir . --target dev --no-partial-parse', 'printer_width': '80', 'debug': 'False', 'log_cache_events': 'False', 'maximum_seed_size_mib': '1', 'empty': 'None', 'log_path': 'logs', 'partial_parse': 'False', 'indirect_selection': 'eager', 'cache_selected_only': 'False', 'warn_error': 'None', 'log_format': 'default', 'use_experimental_parser': 'False', 'write_json': 'True', 'static_parser': 'True', 'introspect': 'True', 'version_check': 'True', 'fail_fast': 'False', 'target_path': 'None', 'use_colors': 'True', 'hints_enabled': 'True', 'quiet': 'False', 'send_anonymous_usage_stats': 'True', 'no_print': 'None'}
[0m09:59:34.598883 [error] [MainThread]: [[31mERROR[0m]: Encountered an error:
Runtime Error
  No dbt_project.yml found at expected path /home/user/mir-load/dbt_project.yml
  Verify that each entry within packages.yml (and their transitive dependencies) contains a file named dbt_project.yml
  
[0m09:59:34.600130 [debug] [MainThread]: Resource report: {"command_name": "parse", "command_success": false, "command_wall_clock_time": 0.0933367, "process_in_blocks": "0", "process_kernel_time": 0.172545, "process_mem_max_rss": "114216", "process_out_blocks": "8", "process_user_time": 1.592945}
[0m09:59:34.600839 [debug] [MainThread]: Command `python -m dbt.cli.main parse` failed at 09:59:34.600713 after 0.09 seconds
[0m09:59:34.601374 [debug] [MainThread]: Sending event: {'category': 'dbt', 'action': 'invocation', 'label': 'end', 'context': [<snowplow_tracker.self_describing_json.SelfDescribingJson object at 0x7f853ffeb390>, <snowplow_tracker.self_describing_json.SelfDescribingJson object at 0x7f853ffeb7d0>, <snowplow_tracker.self_describing_json.SelfDescribingJson object at 0x7f853fe9ce90>]}
[0m09:59:34.601970 [debug] [MainThread]: Flushing usage events
[0m09:59:35.257038 [debug] [MainThread]: An error was encountered while trying to flush usage events
